// Jest Snapshot v1, https://goo.gl/fbAQLP

exports[`Detail Screen renders correctly 1`] = `
<View
  style={
    Object {
      "backgroundColor": "#E4E4E4",
      "flex": 1,
      "padding": 20,
    }
  }
>
  <ActivityIndicator
    animating={true}
    color="black"
    hidesWhenStopped={true}
    size="small"
    style={
      Object {
        "margin": 15,
      }
    }
  />
  <View
    accessibilityRole="button"
    accessibilityState={Object {}}
    accessible={true}
    focusable={true}
    onClick={[Function]}
    onResponderGrant={[Function]}
    onResponderMove={[Function]}
    onResponderRelease={[Function]}
    onResponderTerminate={[Function]}
    onResponderTerminationRequest={[Function]}
    onStartShouldSetResponder={[Function]}
    style={
      Object {
        "opacity": 1,
      }
    }
    testID="backBtn"
  >
    <View
      style={
        Array [
          Object {},
        ]
      }
    >
      <Text
        style={
          Array [
            Object {
              "color": "#007AFF",
              "fontSize": 18,
              "margin": 8,
              "textAlign": "center",
            },
          ]
        }
      >
        Go back
      </Text>
    </View>
  </View>
</View>
`;
